// Jest Snapshot v1, https://goo.gl/fbAQLP

exports[`Giphy component matches snapshot DOM node structure 1`] = `
<DocumentFragment>
  <div
    class="loader"
  >
    <i
      class="fas fa-spinner fa-4x fa-spin"
    />
  </div>
</DocumentFragment>
`;

exports[`Loading component matches snapshot DOM node structure 1`] = `
<DocumentFragment>
  <div
    class="loader"
  >
    <i
      class="fas fa-spinner fa-4x fa-spin"
    />
  </div>
</DocumentFragment>
`;
